# HELP test_total Testing counter
# TYPE test_total counter
test_total 0
